
> nurfizika@0.0.0 build
> vite build

[36mvite v7.3.0 [32mbuilding client environment for production...[36m[39m
transforming...
[32mтЬУ[39m 1720 modules transformed.
node.exe : [31mтЬЧ[39m Build failed in 5.25s
At line:1 char:1
+ & "D:\nodejs/node.exe" 
"D:\nodejs/node_modules/npm/bin/npm-cli.js" ru ...
+ ~~~~~~~~~~~~~~~~~~~~~~~~~~~~~~~~~~~~~~~~~~~~~~~~~~~
~~~~~~~~~~~~~~~~~~
    + CategoryInfo          : NotSpecified: ([31mтЬ 
   Ч[39m Build failed in 5.25s:String) [], RemoteE  
  xception
    + FullyQualifiedErrorId : NativeCommandError
 
[31merror during build:
[31msrc/data/gradesData.js (35:376): Expected ',', 
got ')'[31m
file: [36mC:/Users/pc/Desktop/BMI_FIZIKA/Ulugbek-Fiz
ika/src/data/gradesData.js:35:376[31m
[33m
33:   { id: 'osc-2', chapter_id: 'oscillations', 
title: 'Matematik Mayatnik', description: 'Matematik 
mayatnik, davr formulasi', order_number: 2, 
duration_minutes: 20, difficulty: 'medium', has_lab: 
true, test_count: 4, xp: 60, content: 'Matematik 
mayatnik тАФ uzun ipga osilgan kichik jism. Kichik 
burchaklarda davriy harakatlanadi.', formulas: ['T = 
2╧АтИЪ(L/g)', 'g тЙИ 9.8 m/s┬▓'], examples: ['...
34:   { id: 'osc-3', chapter_id: 'oscillations', 
title: 'To\'lqin', description: 'To\'lqin turlari, 
uzunligi, tezligi', order_number: 3, 
duration_minutes: 20, difficulty: 'easy', has_lab: 
false, test_count: 3, xp: 50, content: 'To\'lqin тАФ 
tebranishning fazoda tarqalishi. Ko\'ndalang 
(transversal) va bo\'ylama (longitudinal) 
to\'lqinlar. Tovush to\'lqinlari bo\'ylama.', 
formulas: ['╬╗ = v┬╖...
35:   { id: 'osc-4', chapter_id: 'oscillations', 
title: 'Rezonans Hodisasi', description: 'Rezonans, 
tabiiy chastota', order_number: 4, duration_minutes: 
20, difficulty: 'medium', has_lab: false, 
test_count: 3, xp: 60, content: 'Rezonans тАФ tashqi 
kuch chastotasi jismning tabiiy chastotasiga mos 
kelganda tebranish amplitudasi keskin ortadi. 
Foydali (musiqa) va zararli (ko\'prik') rezonans...
                                                     
                                                     
                                                     
                                                     
                                                     
                                                     
                                                     
         ^
36: 
37:   // тФАтФАтФА MOLEKULYAR FIZIKA тФАтФАтФА
[31m
    at getRollupError (file:///C:/Users/pc/Desktop/BM
I_FIZIKA/Ulugbek-Fizika/node_modules/rollup/dist/es/s
hared/parseAst.js:401:41)
    at ParseError.initialise (file:///C:/Users/pc/Des
ktop/BMI_FIZIKA/Ulugbek-Fizika/node_modules/rollup/di
st/es/shared/node-entry.js:14534:28)
    at convertNode (file:///C:/Users/pc/Desktop/BMI_F
IZIKA/Ulugbek-Fizika/node_modules/rollup/dist/es/shar
ed/node-entry.js:16418:10)
    at convertProgram (file:///C:/Users/pc/Desktop/BM
I_FIZIKA/Ulugbek-Fizika/node_modules/rollup/dist/es/s
hared/node-entry.js:15658:12)
    at Module.setSource (file:///C:/Users/pc/Desktop/
BMI_FIZIKA/Ulugbek-Fizika/node_modules/rollup/dist/es
/shared/node-entry.js:17418:24)
    at async ModuleLoader.addModuleSource (file:///C:
/Users/pc/Desktop/BMI_FIZIKA/Ulugbek-Fizika/node_modu
les/rollup/dist/es/shared/node-entry.js:21448:13)[39
m
